1Do3d7k2u
207928
ku72D3do1
295706
uDo7dk132
325643
297294
2k3u7od1D
292342
k2o17u3dD
D2k1d7uo3
154275
