591
rLZfCQ
355
ZrfQLC
514
CZLQrf
360
416
rLCZQf
CfrLQZ
rfLZQC
ZQCfrL
LCZQrf
fCZrLQ
