HWRyGNZ
2717
RWyGZHN
ZRNWGyH
2013
1782
RWyZHNG
ZNyRGHW
1410
ZNGHRWy
