feWGuy4
2334
Gf4uyeW
1624
3182
3367
4019
3606
3859
3950
efuWy4G
4WGeyfu
3991
