KJpU9
K9JpU
U9pJK
JKU9p
116
50
pK9JU
KUp9J
70
105
